// Jest Snapshot v1, https://goo.gl/fbAQLP

exports[`renders correctly 1`] = `
<View
  style={
    Array [
      Object {
        "backgroundColor": "#34495e",
        "borderRadius": 10,
        "display": "flex",
        "flexDirection": "column",
        "height": 300,
        "marginBottom": 20,
        "marginLeft": "auto",
        "marginRight": "auto",
        "marginTop": 20,
        "paddingBottom": 20,
        "paddingLeft": 20,
        "paddingRight": 20,
        "paddingTop": 20,
        "width": 300,
      },
    ]
  }
>
  <Text
    style={
      Array [
        Object {
          "color": "#ffffff",
          "fontSize": 20,
          "fontWeight": "bold",
          "marginBottom": 20,
        },
      ]
    }
  >
    nuvens dispersas
  </Text>
  <Text
    style={
      Array [
        Object {
          "color": "#ecf0f1",
          "fontSize": 16,
        },
      ]
    }
  >
    agora: 32 ℃
  </Text>
  <Image
    source={
      Object {
        "uri": "https://openweathermap.org/img/wn/03d@4x.png",
      }
    }
    style={
      Array [
        Object {
          "alignSelf": "center",
          "height": 100,
          "marginTop": 30,
          "width": 100,
        },
      ]
    }
  />
  <View
    style={
      Array [
        Object {
          "display": "flex",
          "flexDirection": "row",
          "justifyContent": "space-around",
          "marginTop": 16,
        },
      ]
    }
  >
    <Text
      style={
        Array [
          Object {
            "color": "#bdc3e7",
            "fontSize": 14,
          },
        ]
      }
    >
      humidade: 
      25
      %
    </Text>
    <Text
      style={
        Array [
          Object {
            "color": "#bdc3e7",
            "fontSize": 14,
          },
        ]
      }
    >
      sensação: 
      30
      ℃
    </Text>
  </View>
</View>
`;
